[2026-07-02T18:00:23.303Z][INFO] Command-line: 'C:\\Program Files\\Unity\\Hub\\Editor\\6000.5.1f1\\Editor\\Data\\Resources\\PackageManager\\Server\\UnityPackageManager.exe' server -s 22032 --ipc-path Unity-Upm-22032 -l 2 --log-file C:\\Users\\Michael\\OneDrive\\Documenten\\GitHub\\realtest-Unity/Logs/upm.log
[2026-07-02T18:00:23.324Z][INFO] IPC server started (IPC path=Unity-Upm-22032).
[2026-07-02T18:00:23.325Z][INFO] Hint: To connect to this UPM instance, launch Unity with the command-line parameter -upmIpcPath Upm-22032.
[2026-07-02T18:00:41.147Z][INFO] project:list-packages <-- Request received
params: {}
[2026-07-02T18:00:41.149Z][INFO] project:list-packages --> 404 (3 ms)
[2026-07-02T18:00:41.272Z][INFO] config:project:get-registries <-- Request received
params: {}
[2026-07-02T18:00:41.279Z][INFO] config:project:get-registries --> 404 (7 ms)
[2026-07-02T18:00:41.286Z][INFO] project:list-packages <-- Request received
params: {}
[2026-07-02T18:00:41.287Z][INFO] project:list-packages --> 404 (1 ms)
[2026-07-02T18:00:41.365Z][INFO] project:update-dependencies <-- Request received
params: {}
[2026-07-02T18:00:41.386Z][INFO] project:update-dependencies --> 200 (21 ms)
[2026-07-02T18:00:41.420Z][INFO] project:resolve-packages <-- Request received
params: {}
[2026-07-02T18:00:41.708Z][INFO] Downloading package [com.unity.package-manager.metadata-6000.5@0.0.47] from registry 'https://packages.unity.com'
[2026-07-02T18:00:42.245Z][INFO] Finished downloading package [com.unity.package-manager.metadata-6000.5@0.0.47] from registry 'https://packages.unity.com' (size: 11.4 kB, time: 536ms)
[2026-07-02T18:00:42.753Z][INFO] project:resolve-packages --> 200 (1333 ms)
[2026-07-02T18:00:50.429Z][INFO] project:list-packages <-- Request received
params: {}
[2026-07-02T18:00:50.444Z][INFO] project:list-packages <-- Request received
params: {}
[2026-07-02T18:00:50.489Z][INFO] project:list-packages --> 200 (60 ms)
[2026-07-02T18:00:50.499Z][INFO] config:project:get-registries <-- Request received
params: {}
[2026-07-02T18:00:50.503Z][INFO] config:project:get-registries --> 200 (4 ms)
[2026-07-02T18:00:50.503Z][INFO] project:list-packages --> 200 (59 ms)
[2026-07-02T18:00:52.683Z][INFO] project:list-packages <-- Request received
params: {}
[2026-07-02T18:00:52.719Z][INFO] project:list-packages --> 200 (36 ms)
[2026-07-02T18:00:54.027Z][INFO] packages:get-all-packageinfo <-- Request received
params: {}
[2026-07-02T18:00:54.041Z][INFO] packages:get-all-packageinfo <-- Request received
params: {}
[2026-07-02T18:00:55.010Z][INFO] packages:get-all-packageinfo --> 200 (969 ms)
[2026-07-02T18:00:55.158Z][INFO] packages:get-packageinfo <-- Request received
params: {
  "packageId": "com.unity.addressables@2.9.1"
}
[2026-07-02T18:00:55.173Z][INFO] packages:get-packageinfo <-- Request received
params: {
  "packageId": "com.unity.ads.ios-support@1.0.1"
}
[2026-07-02T18:00:55.199Z][INFO] packages:get-packageinfo <-- Request received
params: {
  "packageId": "com.unity.learn.iet-framework@5.0.4"
}
[2026-07-02T18:00:55.208Z][INFO] packages:get-packageinfo <-- Request received
params: {
  "packageId": "com.unity.learn.iet-framework.authoring@1.5.4"
}
[2026-07-02T18:00:55.224Z][INFO] packages:get-packageinfo <-- Request received
params: {
  "packageId": "com.unity.probuilder@6.0.9"
}
[2026-07-02T18:00:55.232Z][INFO] packages:get-packageinfo <-- Request received
params: {
  "packageId": "com.unity.scriptablebuildpipeline@2.6.1"
}
[2026-07-02T18:00:55.302Z][INFO] packages:get-packageinfo <-- Request received
params: {
  "packageId": "com.unity.services.friends@1.1.1"
}
[2026-07-02T18:00:55.303Z][INFO] packages:get-packageinfo <-- Request received
params: {
  "packageId": "com.unity.services.moderation@1.0.2"
}
[2026-07-02T18:00:55.303Z][INFO] packages:get-packageinfo <-- Request received
params: {
  "packageId": "com.unity.services.multiplayer@2.1.3"
}
[2026-07-02T18:00:55.303Z][INFO] packages:get-packageinfo <-- Request received
params: {
  "packageId": "com.unity.xr.compositionlayers@2.4.0"
}
[2026-07-02T18:00:55.303Z][INFO] packages:get-packageinfo <-- Request received
params: {
  "packageId": "com.unity.xr.management@4.5.4"
}
[2026-07-02T18:00:55.687Z][INFO] packages:get-packageinfo --> 200 (385 ms)
[2026-07-02T18:00:55.761Z][INFO] packages:get-packageinfo --> 200 (458 ms)
[2026-07-02T18:00:55.818Z][INFO] packages:get-packageinfo --> 200 (515 ms)
[2026-07-02T18:00:55.969Z][INFO] packages:get-packageinfo --> 200 (811 ms)
[2026-07-02T18:00:56.072Z][INFO] packages:get-packageinfo --> 200 (899 ms)
[2026-07-02T18:00:56.270Z][INFO] packages:get-packageinfo --> 200 (1062 ms)
[2026-07-02T18:00:56.326Z][INFO] packages:get-packageinfo --> 200 (1127 ms)
[2026-07-02T18:00:56.528Z][INFO] packages:get-packageinfo --> 200 (1304 ms)
[2026-07-02T18:00:56.638Z][INFO] packages:get-packageinfo --> 200 (1406 ms)
[2026-07-02T18:00:56.644Z][INFO] packages:get-packageinfo --> 200 (1341 ms)
[2026-07-02T18:00:56.772Z][INFO] packages:get-packageinfo --> 200 (1469 ms)
[2026-07-02T18:00:56.861Z][INFO] packages:get-all-packageinfo --> 200 (2834 ms)
[2026-07-02T18:00:56.987Z][INFO] packages:get-packageinfo <-- Request received
params: {
  "packageId": "com.unity.services.levelplay@9.4.1"
}
[2026-07-02T18:00:57.000Z][INFO] packages:get-packageinfo --> 200 (13 ms)
